<?xml version="1.0" encoding="utf-8"?><testsuites name="pytest tests"><testsuite name="pytest" errors="0" failures="0" skipped="0" tests="30" time="5.804" timestamp="2026-02-17T04:47:38.243471+01:00" hostname="vmi2997710"><testcase classname="tests.tools.test_query_cache" name="test_set_get_and_stats_hit_miss" time="0.021"><properties><property name="test_type" value="standard" /></properties></testcase><testcase classname="tests.tools.test_query_cache" name="test_ttl_expiration_and_cleanup" time="0.003"><properties><property name="test_type" value="standard" /></properties></testcase><testcase classname="tests.tools.test_query_cache" name="test_eviction_and_resize" time="0.002"><properties><property name="test_type" value="standard" /></properties></testcase><testcase classname="tests.tools.test_query_cache" name="test_invalidate_and_invalidate_by_prefix_and_clear_by_query_pattern" time="0.006"><properties><property name="test_type" value="standard" /></properties></testcase><testcase classname="tests.tools.test_query_cache" name="test_get_cached_queries_and_memory_usage" time="0.005"><properties><property name="test_type" value="standard" /></properties></testcase><testcase classname="tests.tools.test_commands_plan" name="test_execute_plan_no_files_returns_zero" time="0.075"><properties><property name="test_type" value="standard" /></properties></testcase><testcase classname="tests.tools.test_commands_plan" name="test_execute_plan_groups_and_output_and_db_updates" time="0.008"><properties><property name="test_type" value="standard" /></properties></testcase><testcase classname="tests.tools.test_commands_plan" name="test_execute_plan_oldest_strategy_and_reassign_keeper_when_marked_duplicate" time="0.008"><properties><property name="test_type" value="standard" /></properties></testcase><testcase classname="tests.tools.test_commands_plan" name="test_execute_plan_ignores_files_without_hash" time="0.006"><properties><property name="test_type" value="standard" /></properties></testcase><testcase classname="tests.tools.test_databases_indexing" name="test_create_and_drop_index_and_get_indexes" time="0.031"><properties><property name="test_type" value="standard" /></properties></testcase><testcase classname="tests.tools.test_databases_indexing" name="test_get_index_info_and_create_covering_index" time="0.010"><properties><property name="test_type" value="standard" /></properties></testcase><testcase classname="tests.tools.test_databases_indexing" name="test_find_missing_indexes_and_stats" time="0.019"><properties><property name="test_type" value="standard" /></properties></testcase><testcase classname="tests.tools.test_databases_indexing" name="test_analyze_query_and_is_index_used" time="0.013"><properties><property name="test_type" value="standard" /></properties></testcase><testcase classname="tests.tools.test_databases_indexing" name="test_get_table_stats_uses_dbstat_when_available" time="0.007"><properties><property name="test_type" value="standard" /></properties></testcase><testcase classname="tests.tools.test_databases_indexing" name="test_get_index_info_nonexistent_index_returns_empty" time="0.005"><properties><property name="test_type" value="standard" /></properties></testcase><testcase classname="tests.tools.test_databases_indexing" name="test_create_unique_index_enforces_uniqueness" time="0.005"><properties><property name="test_type" value="standard" /></properties></testcase><testcase classname="tests.tools.test_databases_indexing" name="test_drop_index_if_not_exists_false_raises" time="0.005"><properties><property name="test_type" value="standard" /></properties></testcase><testcase classname="tests.tools.test_databases_indexing" name="test_reindex_invalid_index_raises" time="0.005"><properties><property name="test_type" value="standard" /></properties></testcase><testcase classname="tests.tools.test_databases_indexing" name="test_get_table_stats_without_dbstat_raises" time="0.005"><properties><property name="test_type" value="standard" /></properties></testcase><testcase classname="tests.tools.test_databases_indexing" name="test_is_index_used_returns_false_when_not_used" time="0.006"><properties><property name="test_type" value="standard" /></properties></testcase><testcase classname="tests.tools.test_databases_indexing" name="test_analyze_query_invalid_sql_raises" time="0.005"><properties><property name="test_type" value="standard" /></properties></testcase><testcase classname="tests.tools.test_databases_indexing" name="test_get_indexes_all_and_filtered" time="0.005"><properties><property name="test_type" value="standard" /></properties></testcase><testcase classname="tests.tools.test_databases_indexing" name="test_find_missing_indexes_suggests_common_columns" time="0.006"><properties><property name="test_type" value="standard" /></properties></testcase><testcase classname="tests.tools.test_databases_indexing" name="test_get_index_stats_handles_empty_catalog" time="0.001"><properties><property name="test_type" value="standard" /></properties></testcase><testcase classname="tests.tools.test_commands_verify" name="test_verify_integrity_missing_file_counts_error" time="0.033"><properties><property name="test_type" value="standard" /></properties></testcase><testcase classname="tests.tools.test_commands_verify" name="test_verify_integrity_size_mismatch_and_read_error" time="0.006"><properties><property name="test_type" value="standard" /></properties></testcase><testcase classname="tests.tools.test_commands_verify" name="test_verify_integrity_success" time="0.005"><properties><property name="test_type" value="standard" /></properties></testcase><testcase classname="tests.tools.test_commands_verify" name="test_verify_consistency_orphan_and_self_reference" time="0.017"><properties><property name="test_type" value="standard" /></properties></testcase><testcase classname="tests.tools.test_commands_verify" name="test_verify_checksums_fast_and_missing_and_mismatch_and_match" time="0.019"><properties><property name="test_type" value="standard" /></properties></testcase><testcase classname="tests.tools.test_commands_verify" name="test_execute_verify_returns_nonzero_on_error_and_writes_output" time="0.025"><properties><property name="test_type" value="standard" /></properties></testcase></testsuite></testsuites>
